exports[`test renders without crashing 1`] = `
<div
  className="Header ">
  <p>
    test
  </p>
</div>
`;
