exports[`test onClick callback is called 1`] = `
<div
  className="HoverActionButton "
  onClick={[Function]}>
  <p>
    
  </p>
</div>
`;

exports[`test renders without crashing 1`] = `
<div
  className="HoverActionButton "
  onClick={[Function]}>
  <p>
    
  </p>
</div>
`;
