exports[`test renders without crashing 1`] = `
<div
  className="Minion">
  <h2>
    name
  </h2>
  <h3>
    brand
  </h3>
  <p>
    description
  </p>
</div>
`;
